// Jest Snapshot v1, https://goo.gl/fbAQLP

exports[`createEvent must convert parameters into a serializable event 1`] = `"{\\"name\\":\\"event:name\\",\\"version\\":1,\\"payload\\":{\\"myProperty\\":10},\\"flowId\\":0,\\"id\\":0,\\"auth\\":{\\"x-sid\\":0,\\"x-tid\\":0,\\"token\\":\\"fa3w43a4-a342f23r-a34ra34234-3rqrqwfwdf\\"},\\"metadata\\":{\\"origin\\":null,\\"createdAt\\":0},\\"identity\\":{}}"`;
